Flow report for Battleship
Mon May 13 13:38:17 2019
Quartus Prime Version 16.1.0 Build 196 10/24/2016 SJ Lite Edition


---------------------
; Table of Contents ;
---------------------
  1. Legal Notice
  2. Flow Summary
  3. Flow Settings
  4. Flow Non-Default Global Settings
  5. Flow Elapsed Time
  6. Flow OS Summary
  7. Flow Log
  8. Flow Messages
  9. Flow Suppressed Messages



----------------
; Legal Notice ;
----------------
Copyright (C) 2016  Intel Corporation. All rights reserved.
Your use of Intel Corporation's design tools, logic functions 
and other software and tools, and its AMPP partner logic 
functions, and any output files from any of the foregoing 
(including device programming or simulation files), and any 
associated documentation or information are expressly subject 
to the terms and conditions of the Intel Program License 
Subscription Agreement, the Intel Quartus Prime License Agreement,
the Intel MegaCore Function License Agreement, or other 
applicable license agreement, including, without limitation, 
that your use is for the sole purpose of programming logic 
devices manufactured by Intel and sold by Intel or its 
authorized distributors.  Please refer to the applicable 
agreement for further details.



+-------------------------------------------------------------------------------+
; Flow Summary                                                                  ;
+---------------------------------+---------------------------------------------+
; Flow Status                     ; Successful - Mon May 13 13:38:04 2019       ;
; Quartus Prime Version           ; 16.1.0 Build 196 10/24/2016 SJ Lite Edition ;
; Revision Name                   ; Battleship                                  ;
; Top-level Entity Name           ; Battleship                                  ;
; Family                          ; Cyclone V                                   ;
; Device                          ; 5CSEMA5F31C6                                ;
; Timing Models                   ; Final                                       ;
; Logic utilization (in ALMs)     ; 616 / 32,070 ( 2 % )                        ;
; Total registers                 ; 898                                         ;
; Total pins                      ; 204 / 457 ( 45 % )                          ;
; Total virtual pins              ; 0                                           ;
; Total block memory bits         ; 149,504 / 4,065,280 ( 4 % )                 ;
; Total DSP Blocks                ; 0 / 87 ( 0 % )                              ;
; Total HSSI RX PCSs              ; 0                                           ;
; Total HSSI PMA RX Deserializers ; 0                                           ;
; Total HSSI TX PCSs              ; 0                                           ;
; Total HSSI PMA TX Serializers   ; 0                                           ;
; Total PLLs                      ; 1 / 6 ( 17 % )                              ;
; Total DLLs                      ; 0 / 4 ( 0 % )                               ;
+---------------------------------+---------------------------------------------+


+-----------------------------------------+
; Flow Settings                           ;
+-------------------+---------------------+
; Option            ; Setting             ;
+-------------------+---------------------+
; Start date & time ; 05/13/2019 13:36:14 ;
; Main task         ; Compilation         ;
; Revision Name     ; Battleship          ;
+-------------------+---------------------+


+-----------------------------------------------------------------------------------------------------------------------------------------------+
; Flow Non-Default Global Settings                                                                                                              ;
+-------------------------------------+--------------------------------------------------------------+---------------+-------------+------------+
; Assignment Name                     ; Value                                                        ; Default Value ; Entity Name ; Section Id ;
+-------------------------------------+--------------------------------------------------------------+---------------+-------------+------------+
; COMPILER_SIGNATURE_ID               ; 167300353076799.155774737344860                              ; --            ; --          ; --         ;
; MAX_CORE_JUNCTION_TEMP              ; 85                                                           ; --            ; --          ; --         ;
; MIN_CORE_JUNCTION_TEMP              ; 0                                                            ; --            ; --          ; --         ;
; MISC_FILE                           ; battleship/synthesis/../battleship.cmp                       ; --            ; --          ; --         ;
; MISC_FILE                           ; battleship/synthesis/../../battleship.qsys                   ; --            ; --          ; --         ;
; MISC_FILE                           ; PLL100MHz.cmp                                                ; --            ; --          ; --         ;
; MISC_FILE                           ; PLL100MHz_sim/PLL100MHz.vo                                   ; --            ; --          ; --         ;
; MISC_FILE                           ; game_RAM_bb.v                                                ; --            ; --          ; --         ;
; PARTITION_COLOR                     ; -- (Not supported for targeted family)                       ; --            ; --          ; Top        ;
; PARTITION_FITTER_PRESERVATION_LEVEL ; -- (Not supported for targeted family)                       ; --            ; --          ; Top        ;
; PARTITION_NETLIST_TYPE              ; -- (Not supported for targeted family)                       ; --            ; --          ; Top        ;
; POWER_BOARD_THERMAL_MODEL           ; None (CONSERVATIVE)                                          ; --            ; --          ; --         ;
; POWER_PRESET_COOLING_SOLUTION       ; 23 MM HEAT SINK WITH 200 LFPM AIRFLOW                        ; --            ; --          ; --         ;
; SLD_FILE                            ; battleship/synthesis/battleship.debuginfo                    ; --            ; --          ; --         ;
; SLD_INFO                            ; QSYS_NAME battleship HAS_SOPCINFO 1 GENERATION_ID 1557744099 ; --            ; --          ; --         ;
; SOPCINFO_FILE                       ; battleship/synthesis/../../battleship.sopcinfo               ; --            ; --          ; --         ;
; SPD_FILE                            ; PLL100MHz.spd                                                ; --            ; --          ; --         ;
; SYNTHESIS_ONLY_QIP                  ; On                                                           ; --            ; --          ; --         ;
; SYNTHESIS_ONLY_QIP                  ; On                                                           ; --            ; --          ; --         ;
+-------------------------------------+--------------------------------------------------------------+---------------+-------------+------------+


+-------------------------------------------------------------------------------------------------------------------------------+
; Flow Elapsed Time                                                                                                             ;
+---------------------------+--------------+-------------------------+---------------------+------------------------------------+
; Module Name               ; Elapsed Time ; Average Processors Used ; Peak Virtual Memory ; Total CPU Time (on all processors) ;
+---------------------------+--------------+-------------------------+---------------------+------------------------------------+
; Analysis & Synthesis      ; 00:00:24     ; 1.0                     ; 4972 MB             ; 00:00:43                           ;
; Fitter                    ; 00:01:15     ; 1.1                     ; 7143 MB             ; 00:03:44                           ;
; Assembler                 ; 00:00:07     ; 1.0                     ; 4855 MB             ; 00:00:07                           ;
; TimeQuest Timing Analyzer ; 00:00:11     ; 1.4                     ; 5357 MB             ; 00:00:15                           ;
; Total                     ; 00:01:57     ; --                      ; --                  ; 00:04:49                           ;
+---------------------------+--------------+-------------------------+---------------------+------------------------------------+


+-----------------------------------------------------------------------------------------+
; Flow OS Summary                                                                         ;
+---------------------------+------------------+------------+------------+----------------+
; Module Name               ; Machine Hostname ; OS Name    ; OS Version ; Processor type ;
+---------------------------+------------------+------------+------------+----------------+
; Analysis & Synthesis      ; DESKTOP-V7GVLAK  ; Windows 10 ; 10.0       ; x86_64         ;
; Fitter                    ; DESKTOP-V7GVLAK  ; Windows 10 ; 10.0       ; x86_64         ;
; Assembler                 ; DESKTOP-V7GVLAK  ; Windows 10 ; 10.0       ; x86_64         ;
; TimeQuest Timing Analyzer ; DESKTOP-V7GVLAK  ; Windows 10 ; 10.0       ; x86_64         ;
+---------------------------+------------------+------------+------------+----------------+


------------
; Flow Log ;
------------
quartus_map --read_settings_files=on --write_settings_files=off Battleship -c Battleship
quartus_fit --read_settings_files=off --write_settings_files=off Battleship -c Battleship
quartus_asm --read_settings_files=off --write_settings_files=off Battleship -c Battleship
quartus_sta Battleship -c Battleship



