------------------------------------------------------------
TimeQuest Timing Analyzer Summary
------------------------------------------------------------

Type  : Slow 1100mV 85C Model Setup 'PLL|pll_25mhz_inst|altera_pll_i|general[0].gpll~PLL_OUTPUT_COUNTER|divclk'
Slack : 37.583
TNS   : 0.000

Type  : Slow 1100mV 85C Model Hold 'PLL|pll_25mhz_inst|altera_pll_i|general[0].gpll~PLL_OUTPUT_COUNTER|divclk'
Slack : 0.283
TNS   : 0.000

Type  : Slow 1100mV 85C Model Minimum Pulse Width 'PLL|pll_25mhz_inst|altera_pll_i|general[0].gpll~FRACTIONAL_PLL|vcoph[0]'
Slack : 1.666
TNS   : 0.000

Type  : Slow 1100mV 85C Model Minimum Pulse Width 'CLOCK_50'
Slack : 9.670
TNS   : 0.000

Type  : Slow 1100mV 85C Model Minimum Pulse Width 'PLL|pll_25mhz_inst|altera_pll_i|general[0].gpll~PLL_OUTPUT_COUNTER|divclk'
Slack : 19.305
TNS   : 0.000

Type  : Slow 1100mV 0C Model Setup 'PLL|pll_25mhz_inst|altera_pll_i|general[0].gpll~PLL_OUTPUT_COUNTER|divclk'
Slack : 37.570
TNS   : 0.000

Type  : Slow 1100mV 0C Model Hold 'PLL|pll_25mhz_inst|altera_pll_i|general[0].gpll~PLL_OUTPUT_COUNTER|divclk'
Slack : 0.259
TNS   : 0.000

Type  : Slow 1100mV 0C Model Minimum Pulse Width 'PLL|pll_25mhz_inst|altera_pll_i|general[0].gpll~FRACTIONAL_PLL|vcoph[0]'
Slack : 1.666
TNS   : 0.000

Type  : Slow 1100mV 0C Model Minimum Pulse Width 'CLOCK_50'
Slack : 9.673
TNS   : 0.000

Type  : Slow 1100mV 0C Model Minimum Pulse Width 'PLL|pll_25mhz_inst|altera_pll_i|general[0].gpll~PLL_OUTPUT_COUNTER|divclk'
Slack : 19.255
TNS   : 0.000

Type  : Fast 1100mV 85C Model Setup 'PLL|pll_25mhz_inst|altera_pll_i|general[0].gpll~PLL_OUTPUT_COUNTER|divclk'
Slack : 38.618
TNS   : 0.000

Type  : Fast 1100mV 85C Model Hold 'PLL|pll_25mhz_inst|altera_pll_i|general[0].gpll~PLL_OUTPUT_COUNTER|divclk'
Slack : 0.172
TNS   : 0.000

Type  : Fast 1100mV 85C Model Minimum Pulse Width 'PLL|pll_25mhz_inst|altera_pll_i|general[0].gpll~FRACTIONAL_PLL|vcoph[0]'
Slack : 1.666
TNS   : 0.000

Type  : Fast 1100mV 85C Model Minimum Pulse Width 'CLOCK_50'
Slack : 9.336
TNS   : 0.000

Type  : Fast 1100mV 85C Model Minimum Pulse Width 'PLL|pll_25mhz_inst|altera_pll_i|general[0].gpll~PLL_OUTPUT_COUNTER|divclk'
Slack : 19.556
TNS   : 0.000

Type  : Fast 1100mV 0C Model Setup 'PLL|pll_25mhz_inst|altera_pll_i|general[0].gpll~PLL_OUTPUT_COUNTER|divclk'
Slack : 38.719
TNS   : 0.000

Type  : Fast 1100mV 0C Model Hold 'PLL|pll_25mhz_inst|altera_pll_i|general[0].gpll~PLL_OUTPUT_COUNTER|divclk'
Slack : 0.154
TNS   : 0.000

Type  : Fast 1100mV 0C Model Minimum Pulse Width 'PLL|pll_25mhz_inst|altera_pll_i|general[0].gpll~FRACTIONAL_PLL|vcoph[0]'
Slack : 1.666
TNS   : 0.000

Type  : Fast 1100mV 0C Model Minimum Pulse Width 'CLOCK_50'
Slack : 9.286
TNS   : 0.000

Type  : Fast 1100mV 0C Model Minimum Pulse Width 'PLL|pll_25mhz_inst|altera_pll_i|general[0].gpll~PLL_OUTPUT_COUNTER|divclk'
Slack : 19.545
TNS   : 0.000

------------------------------------------------------------
